# Please, don't change the idx
# but you may change the order of the entries

*[idx] 0 [engl] PRESS ANY KEY TO START [trans] PULSE CUALQUIER TECLA PARA EMPEZAR
*[idx] 1 [engl] Enter an event [trans] Entrar en un evento
*[idx] 2 [engl] Practice [trans] Practicar
*[idx] 3 [engl] Configuration [trans] Configuración
*[idx] 4 [engl] Credits [trans] Créditos
*[idx] 5 [engl] Quit [trans] Salir
*[idx] 6 [engl] Select an event [trans] Seleccionar un evento
*[idx] 7 [engl] Select a cup [trans] Seleccionar una copa
*[idx] 8 [engl] Back [trans] Atrás
*[idx] 9 [engl] Continue [trans] Continuar
*[idx] 10 [engl] You cannot enter this cup yet [trans] Todavía no puedes participar en esta copa

*[idx] 11 [engl] Herring: [trans] Arenques:
*[idx] 12 [engl] Time: [trans] Tiempo:
*[idx] 13 [engl] Race! [trans] ¡Correr!
*[idx] 14 [engl] seconds [trans] segundos
*[idx] 15 [engl] Ok [trans] OK
*[idx] 16 [engl] Congratulations! You won the cup! [trans] ¡Enhorabuena! ¡Has ganado la copa!
*[idx] 17 [engl] You have reached level [trans] Has alcanzado el nivel
*[idx] 18 [engl] Sorry, you didn't advance [trans] Lo siento, no has avanzado
*[idx] 19 [engl] You don't have any lives left [trans] No te quedan vidas
*[idx] 20 [engl] Select a race [trans] Selecciona una carrera

*[idx] 21 [engl] Failed, -1 Tuxlive [trans] Fallado, -1 vida
*[idx] 22 [engl] Success, +/- 0 Tuxlive [trans] Conseguido
*[idx] 23 [engl] Success, +1 Tuxlive [trans] Conseguido, +1 vida
*[idx] 24 [engl] Success, +2 Tuxlive [trans] Conseguido, +2 vidas
*[idx] 25 [engl] Race aborted [trans] Carrera abortada
*[idx] 26 [engl] Score: [trans] Puntuación:
*[idx] 27 [engl] points [trans] puntos

*[idx] 28 [engl] Cancel [trans] Cancelar
*[idx] 29 [engl] Loading [trans] Cargando
*[idx] 30 [engl] Please wait... [trans] Por favor, espera...
*[idx] 31 [engl] Fullscreen: [trans] Pantalla completa:
*[idx] 32 [engl] Resolution: [trans] Resolución:
*[idx] 33 [engl] Music volume: [trans] Volumen de música:
*[idx] 34 [engl] Sound volume: [trans] Volumen de sonido:
*[idx] 35 [engl] Language: [trans] Idioma:
*[idx] 36 [engl] Level of detail: [trans] Nivel de detalle:
*[idx] 37 [engl] Contributed by: [trans] Creado por:
*[idx] 38 [engl] Event: [trans] Evento:
*[idx] 39 [engl] Cup: [trans] Copa:
*[idx] 40 [engl] Race Over [trans] Fin de la carrera

*[idx] 41 [engl] For more configuration options, please edit the [trans] Para más opciones de configuración, por favor edita
*[idx] 42 [engl] file 'options.txt' and read the documentation. [trans] el archivo 'options.txt' y lee la documentación.

*[idx] 43 [engl] Help [trans] Ayuda
*[idx] 44 [engl] 1, 2, 3 - change view mode [trans] 1, 2, 3 - cambiar punto de vista
*[idx] 45 [engl] F - hide/show fps display [trans] F - mostrar/ocultar fotogramas por segundo
*[idx] 46 [engl] H - hide/show hud display [trans] H - mostrar/ocultar información en pantalla
*[idx] 47 [engl] C - screenshot [trans] C - captura de pantalla
*[idx] 48 [engl] U - toggle ui snow [trans] activar/desactivar nieve
*[idx] 49 [engl] P - set pause mode [trans] pausa
*[idx] 50 [engl] T - trick [trans] T - pirueta
*[idx] 51 [engl] ESC - abort Race [trans] ESC - abortar carrera
*[idx] 52 [engl] SPACE - jump [trans] Espacio - saltar
*[idx] 53 [engl] CRSR Left - turn left [trans] Izquierda - girar a la izquierda
*[idx] 54 [engl] CRSR Right - turn right [trans] Derecha - girar a la derecha
*[idx] 55 [engl] CRSR Up - accelerate [trans] Arriba - acelerar
*[idx] 56 [engl] CRSR down - brake [trans] Abajo - frenar
*[idx] 57 [engl] Keyboard Functions [trans] Funciones de las teclas

*[idx] 58 [engl] Select your player name: [trans] Selecciona tu nombre de jugador:
*[idx] 59 [engl] Select a character: [trans] Selecciona un personaje:
*[idx] 60 [engl] Enter [trans] Entrar
*[idx] 61 [engl] Register a new player [trans] Registrar nuevo jugador
*[idx] 62 [engl] Highscore list [trans] Mejores puntuaciones
*[idx] 63 [engl] No entries for this race [trans] No hay resultados para esta carrera
*[idx] 64 [engl] Back [trans] Atrás
*[idx] 65 [engl] Press any key to return to the main menu [trans] Pulsa cualquier tecla para volver al menú principal
*[idx] 66 [engl] Enter a name for the new player and select an avatar: [trans] Introduce el nombre del nuevo jugador y elige una imagen para mostrar:
*[idx] 67 [engl] Loading resources, [trans] Cargando recursos,
*[idx] 68 [engl] please wait [trans] por favor, espera
*[idx] 69 [engl] Mirror track: Off [trans] Circuito invertido: no
*[idx] 70 [engl] Mirror track: On [trans] Circuito invertido: sí

*[idx] 71 [engl] Light: Sunny [trans] Soleado
*[idx] 72 [engl] Light: Cloudy [trans] Nublado
*[idx] 73 [engl] Light: Evening [trans] Tarde
*[idx] 74 [engl] Light: Night [trans] Noche

*[idx] 75 [engl] Snow: No [trans] No
*[idx] 76 [engl] Snow: A little [trans] Un poco
*[idx] 77 [engl] Snow: Some [trans] basante
*[idx] 78 [engl] Snow: A lot [trans] Mucha

*[idx] 79 [engl] Wind: No [trans] No
*[idx] 80 [engl] Wind: Breeze [trans] Brisa
*[idx] 81 [engl] Wind: Strong [trans] Fuerte
*[idx] 82 [engl] Wind: Blustery [trans] Borrasca

*[idx] 83 [engl] Randomize settings [trans] Opciones aleatorias

*[idx] 84 [engl] Score [trans] Puntos
*[idx] 85 [engl] Herring [trans] Arenques
*[idx] 86 [engl] Time [trans] Tiempo
*[idx] 87 [engl] Path length [trans] Distancia recorrida
*[idx] 88 [engl] Average speed [trans] Velocidad media
*[idx] 89 [engl] Position [trans] Posición
*[idx] 90 [engl] in highscore list [trans] en la lista de récords

*[idx] 91 [engl] Author [trans] Autor

*[idx] 92 [engl] Loading courses failed. [trans] Error al cargar circuitos.
*[idx] 93 [engl] Loading characters failed. [trans] Error al cargar personajes.
*[idx] 94 [engl] Loading environments failed. [trans] Error al cargar entornos.
*[idx] 95 [engl] Loading terrains failed. [trans] Error al cargar terrenos.
*[idx] 96 [engl] Loading avatars failed. [trans] Error al cargar avatares.
*[idx] 97 [engl] herrings [trans] arenques
*[idx] 98 [engl] sec [trans] seg.

*[idx] 99 [engl] 1st [trans] 1.º
*[idx] 100 [engl] 2nd [trans] 2.º
*[idx] 101 [engl] 3rd [trans] 3.º
*[idx] 102 [engl] 4th [trans] 4.º
*[idx] 103 [engl] 5th [trans] 5.º
*[idx] 104 [engl] 6th [trans] 6.º
*[idx] 105 [engl] 7th [trans] 7.º
*[idx] 106 [engl] 8th [trans] 8.º
*[idx] 107 [engl] 9th [trans] 9.º
*[idx] 108 [engl] 10th [trans] 10.º

*[idx] 109 [engl] Unknown [trans] Desconocido

# PSP menus
*[idx] 111 [engl] Course [trans] Pista
*[idx] 112 [engl] Course set [trans] Grupo de pistas
*[idx] 113 [engl] Player [trans] Jugador
*[idx] 114 [engl] Character [trans] Personaje
*[idx] 115 [engl] Event [trans] Evento
*[idx] 116 [engl] Cup [trans] Copa
*[idx] 117 [engl] Name [trans] Nombre
*[idx] 118 [engl] Avatar [trans] Avatar
*[idx] 119 [engl] Add this player [trans] Añadir este jugador
*[idx] 120 [engl] Language [trans] Idioma
*[idx] 121 [engl] Saved data [trans] Datos guardados
*[idx] 122 [engl] Save progress [trans] Guardar progreso
*[idx] 123 [engl] Load progress [trans] Cargar progreso
*[idx] 124 [engl] Race [trans] Correr
*[idx] 125 [engl] Continue [trans] Continuar
*[idx] 126 [engl] Quit [trans] Salir
*[idx] 127 [engl] Choose / change [trans] Elegir / cambiar
*[idx] 128 [engl] Save [trans] Guardar
*[idx] 129 [engl] Cancel [trans] Cancelar
*[idx] 130 [engl] New player [trans] Nuevo jugador
*[idx] 131 [engl] Edit name [trans] Editar nombre
*[idx] 132 [engl] Add [trans] Añadir
*[idx] 133 [engl] Next [trans] Siguiente
*[idx] 134 [engl] Randomize [trans] Aleatorio
*[idx] 135 [engl] Load [trans] Cargar
*[idx] 136 [engl] Choose [trans] Elegir
*[idx] 137 [engl] Up / down [trans] Arriba / abajo
*[idx] 138 [engl] Players, unlocked cups, scores and settings [trans] Jugadores, copas desbloqueadas, puntuaciones y ajustes
*[idx] 139 [engl] Play against penguins [trans] Competir contra pingüinos
*[idx] 140 [engl] Penguins [trans] Pingüinos
*[idx] 141 [engl] PSP exclusive [trans] exclusivo de PSP
*[idx] 142 [engl] Place [trans] Puesto
*[idx] 143 [engl] Against penguins [trans] Contra pingüinos
*[idx] 144 [engl] On [trans] Sí
*[idx] 145 [engl] Off [trans] No
*[idx] 146 [engl] YOUR PSP. YOUR SLOPES. [trans] TU PSP. TUS PISTAS.
*[idx] 147 [engl] Brake [trans] Frenar
*[idx] 148 [engl] Paddle [trans] Remar
*[idx] 149 [engl] Steer [trans] Girar
*[idx] 150 [engl] D-pad [trans] Cruceta
*[idx] 151 [engl] Analog stick [trans] Stick analógico
*[idx] 152 [engl] Reset [trans] Recolocar
*[idx] 153 [engl] Triangle [trans] Triángulo
*[idx] 154 [engl] Trick [trans] Truco
*[idx] 155 [engl] Square + steer [trans] Cuadrado + girar
*[idx] 156 [engl] Back [trans] Atrás
*[idx] 157 [engl] Circle / menus [trans] Círculo / menús
*[idx] 158 [engl] Jump [trans] Salto
*[idx] 159 [engl] Cross / select [trans] Equis / elegir
*[idx] 160 [engl] Start: pause / resume [trans] Start: pausa / seguir
*[idx] 161 [engl] Jump: hold, then release Cross [trans] Salto: mantén Equis y suelta
*[idx] 162 [engl] START - OPEN MENU [trans] START - ABRIR MENÚ
*[idx] 163 [engl] START - BACK TO MENU [trans] START - VOLVER AL MENÚ
*[idx] 164 [engl] PAUSED [trans] PAUSA
*[idx] 165 [engl] Resume [trans] Seguir
*[idx] 166 [engl] Controls [trans] Controles
*[idx] 167 [engl] End race [trans] Terminar carrera
*[idx] 168 [engl] Select [trans] Elegir
*[idx] 169 [engl] Autosave paused: check Saved data [trans] Autoguardado en pausa: mira Datos guardados
*[idx] 170 [engl] Confirm [trans] Confirmar
*[idx] 171 [engl] END THIS RACE? [trans] ¿TERMINAR LA CARRERA?
*[idx] 172 [engl] This run will not count as a finish. [trans] Este descenso no contará como llegada.
*[idx] 173 [engl] QUIT GAME? [trans] ¿SALIR DEL JUEGO?
*[idx] 174 [engl] Your saved progress is kept. [trans] Tu progreso se conserva.
*[idx] 175 [engl] None [trans] Ninguno
