# Please, don't change the idx

*[idx] 0 [engl] Press any key to start [trans] Paina mitä hyvänsä näppäintä aloittaaksesi
*[idx] 1 [engl] Enter an event [trans] Osallistu tapahtumaan
*[idx] 2 [engl] Practice [trans] Harjoittele
*[idx] 3 [engl] Configuration [trans] Asetukset
*[idx] 4 [engl] Credits [trans] Kiitokset
*[idx] 5 [engl] Quit [trans] Lopeta
*[idx] 6 [engl] Select an event [trans] Valitse tapahtuma
*[idx] 7 [engl] Select a cup [trans] Valitse cup
*[idx] 8 [engl] Back [trans] Takaisin
*[idx] 9 [engl] Continue [trans] Jatka
*[idx] 10 [engl] You cannot enter this cup yet [trans] Et pääse tähän cupiin vielä

*[idx] 11 [engl] Herring: [trans] Silakoita:
*[idx] 12 [engl] Time: [trans] Aika:
*[idx] 13 [engl] Race! [trans] Laske!
*[idx] 14 [engl] seconds [trans] sekuntia
*[idx] 15 [engl] Ok [trans] Hyväksy
*[idx] 16 [engl] Congratulations! You won the cup! [trans] Onnittelut! Voitit cupin!
*[idx] 17 [engl] You have reached level [trans] Olet saavuttanut tason 
*[idx] 18 [engl] Sorry, you didn't advance [trans] Pahoittelut, et edennyt
*[idx] 19 [engl] You don't have any lives left [trans] Ei elämiä jäljellä
*[idx] 20 [engl] Select a race [trans] Valitse kisa

*[idx] 21 [engl] Failed, -1 Tuxlive [trans] Epäonnistunut yritys, -1 elämä
*[idx] 22 [engl] Success, +/- 0 Tuxlive [trans] Hyväksytty, +/- 0 elämä
*[idx] 23 [engl] Success, +1 Tuxlive [trans] Hyväksytty, +1 elämä
*[idx] 24 [engl] Success, +2 Tuxlive [trans] Hyväksytty, +2 elämää
*[idx] 25 [engl] Race aborted [trans] Kisa keskeytetty
*[idx] 26 [engl] Score: [trans] Tulos:
*[idx] 27 [engl] points [trans] pisteet

*[idx] 28 [engl] Cancel [trans] Peru
*[idx] 29 [engl] Loading [trans] Ladataan
*[idx] 30 [engl] Please wait... [trans] Odota...

*[idx] 31 [engl] Fullscreen: [trans] Kokoruututila:
*[idx] 32 [engl] Resolution: [trans] Tarkkuus:
*[idx] 33 [engl] Music volume: [trans] Musiikin voimakkuus:
*[idx] 34 [engl] Sound volume: [trans] Äänien voimakkuus:
*[idx] 35 [engl] Language: [trans] Kieli:
*[idx] 36 [engl] Level of detail: [trans] Yksityiskohtien taso:
*[idx] 37 [engl] Contributed by: [trans] Oikeuksien antaja:
*[idx] 38 [engl] Event: [trans] Tapahtuma:
*[idx] 39 [engl] Cup: [trans] Cup:
*[idx] 40 [engl] Race Over [trans] Kisa ohi

*[idx] 41 [engl] For more configuration options, please edit the [trans] Muita asetuksia voit muuttaa
*[idx] 42 [engl] file 'options.txt' and read the documentation. [trans] tiedostosta 'options.txt'
*[idx] 43 [engl] Help [trans] Apua
*[idx] 44 [engl] 1, 2, 3 - change view mode [trans] 1, 2, 3 - Vaihda kuvakulmaa
*[idx] 45 [engl] F - hide/show fps display [trans] F - Näytä/kätke ruudun päivitysnopeuden näyttö
*[idx] 46 [engl] H - hide/show hud display [trans] H - Näytä/kätke HUD
*[idx] 47 [engl] C - screenshot [trans] C - Ruutukaappaus
*[idx] 48 [engl] U - toggle ui snow [trans] U - Poista/palauta käyttöliittymän lumisade
*[idx] 49 [engl] P - set pause mode [trans] P - Taukotila
*[idx] 50 [engl] T - trick [trans] T - Temppu
*[idx] 51 [engl] ESC - abort Race [trans] ESC - Keskeytä kisa
*[idx] 52 [engl] SPACE - jump [trans] Välilyönti - Hyppää
*[idx] 53 [engl] CRSR Left or A - turn left [trans] Vasen nuolinäppäin tai A - Käänny vasemmalle
*[idx] 54 [engl] CRSR Right or D - turn right [trans] Oikea nuolinäppäin tai D - Käänny oikealle
*[idx] 55 [engl] CRSR Up or W - accelerate [trans] Ylös nuolinäppäin tai W - Kiihdytä
*[idx] 56 [engl] CRSR down or S - brake [trans] Alas nuolinäppäin tai S - Jarruta
*[idx] 57 [engl] Keyboard Functions [trans] Näppäinkomennot

*[idx] 58 [engl] Select your player name: [trans] Valitse pelaajanimesi:
*[idx] 59 [engl] Select a character: [trans] Valitse hahmo:
*[idx] 60 [engl] Enter [trans] Siirry eteenpäin
*[idx] 61 [engl] Register a new player [trans] Tee uusi pelaaja

*[idx] 62 [engl] Highscore list [trans] Huipputuloslista
*[idx] 63 [engl] No entries for this race [trans] Ei tuloksia tästä kisasta
*[idx] 64 [engl] Back [trans] Takaisin

*[idx] 65 [engl] Press any key to return to the main menu [trans] Paina mitä hyvänsä näppäintä palataksesi päävalikkoon

*[idx] 66 [engl] Enter a name for the new player and select an avatar: [trans] Anna pelaajan nimi ja valitse kuva

*[idx] 67 [engl] Loading resources, [trans] Ladataan materiaaleja,
*[idx] 68 [engl] please wait ... [trans] odota hetki ...

*[idx] 69 [engl] Mirror track: Off [trans] Peilaa rata: Ei päällä
*[idx] 70 [engl] Mirror track: On [trans] Peilaa rata: Päällä

*[idx] 71 [engl] Light: Sunny [trans] Valoisuus: Aurinkoista
*[idx] 72 [engl] Light: Cloudy [trans] Valoisuus: Pilvistä
*[idx] 73 [engl] Light: Evening [trans] Valoisuus: Ilta
*[idx] 74 [engl] Light: Night [trans] Valoisuus: Yö

*[idx] 75 [engl] Snow: No [trans] Lumisade: Ei ollenkaan
*[idx] 76 [engl] Snow: A little [trans] Lumisade: Vähän
*[idx] 77 [engl] Snow: Some [trans] Lumisade: Jonkin verran
*[idx] 78 [engl] Snow: A lot [trans] Lumisade: Paljon

*[idx] 79 [engl] Wind: No [trans] Tuuli: Ei ollenkaan
*[idx] 80 [engl] Wind: Breeze [trans] Tuuli: Vire
*[idx] 81 [engl] Wind: Strong [trans] Tuuli: Vahva
*[idx] 82 [engl] Wind: Blustery [trans] Tuuli: Puuskainen

*[idx] 83 [engl] Randomize settings [trans] Aseta satunnaiset asetukset

*[idx] 84 [engl] Score [trans] Tulos
*[idx] 85 [engl] Herring [trans] Silakoita
*[idx] 86 [engl] Time [trans] Aika
*[idx] 87 [engl] Path length [trans] Reitin pituus
*[idx] 88 [engl] Average speed [trans] Keskinopeus
*[idx] 89 [engl] Position [trans] Sijoitus
*[idx] 90 [engl] in highscore list [trans] huipputuloslistalla

*[idx] 91 [engl] Author [trans] Tekijä

*[idx] 92 [engl] Loading courses failed. [trans] Ratojen lataaminen epäonnistui.
*[idx] 93 [engl] Loading characters failed. [trans] Hahmojen lataaminen epäonnistui.
*[idx] 94 [engl] Loading environments failed. [trans] Ympäristöjen lataaminen epäonnistui.
*[idx] 95 [engl] Loading terrains failed. [trans] Maastojen lataaminen epäonnistui.
*[idx] 96 [engl] Loading avatars failed. [trans] Pelaajakuvien lataaminen epäonnistui.
*[idx] 97 [engl] herrings [trans] silakkaa
*[idx] 98 [engl] sec [trans] sek

*[idx] 99 [engl] 1st [trans] 1.
*[idx] 100 [engl] 2nd [trans] 2.
*[idx] 101 [engl] 3rd [trans] 3.
*[idx] 102 [engl] 4th [trans] 4.
*[idx] 103 [engl] 5th [trans] 5.
*[idx] 104 [engl] 6th [trans] 6.
*[idx] 105 [engl] 7th [trans] 7.
*[idx] 106 [engl] 8th [trans] 8.
*[idx] 107 [engl] 9th [trans] 9.
*[idx] 108 [engl] 10th [trans] 10.

*[idx] 109 [engl] Unknown [trans] Tuntematon

# PSP menus
*[idx] 111 [engl] Course [trans] Rata
*[idx] 112 [engl] Course set [trans] Ratasarja
*[idx] 113 [engl] Player [trans] Pelaaja
*[idx] 114 [engl] Character [trans] Hahmo
*[idx] 115 [engl] Event [trans] Tapahtuma
*[idx] 116 [engl] Cup [trans] Cup
*[idx] 117 [engl] Name [trans] Nimi
*[idx] 118 [engl] Avatar [trans] Avatar
*[idx] 119 [engl] Add this player [trans] Lisää tämä pelaaja
*[idx] 120 [engl] Language [trans] Kieli
*[idx] 121 [engl] Saved data [trans] Tallennetut tiedot
*[idx] 122 [engl] Save progress [trans] Tallenna eteneminen
*[idx] 123 [engl] Load progress [trans] Lataa eteneminen
*[idx] 124 [engl] Race [trans] Kisa
*[idx] 125 [engl] Continue [trans] Jatka
*[idx] 126 [engl] Quit [trans] Lopeta
*[idx] 127 [engl] Choose / change [trans] Valitse / muuta
*[idx] 128 [engl] Save [trans] Tallenna
*[idx] 129 [engl] Cancel [trans] Peruuta
*[idx] 130 [engl] New player [trans] Uusi pelaaja
*[idx] 131 [engl] Edit name [trans] Muokkaa nimeä
*[idx] 132 [engl] Add [trans] Lisää
*[idx] 133 [engl] Next [trans] Seuraava
*[idx] 134 [engl] Randomize [trans] Satunnainen
*[idx] 135 [engl] Load [trans] Lataa
*[idx] 136 [engl] Choose [trans] Valitse
*[idx] 137 [engl] Up / down [trans] Ylös / alas
*[idx] 138 [engl] Players, unlocked cups, scores and settings [trans] Pelaajat, avatut cupit, tulokset ja asetukset
*[idx] 139 [engl] Play against penguins [trans] Kisaa pingviinejä vastaan
*[idx] 140 [engl] Penguins [trans] Pingviinit
*[idx] 141 [engl] PSP exclusive [trans] vain PSP:llä
*[idx] 142 [engl] Place [trans] Sija
*[idx] 143 [engl] Against penguins [trans] Vastustajat
*[idx] 144 [engl] On [trans] Kyllä
*[idx] 145 [engl] Off [trans] Ei
*[idx] 146 [engl] YOUR PSP. YOUR SLOPES. [trans] SINUN PSP. SINUN RINTEESI.
*[idx] 147 [engl] Brake [trans] Jarru
*[idx] 148 [engl] Paddle [trans] Melo
*[idx] 149 [engl] Steer [trans] Ohjaa
*[idx] 150 [engl] D-pad [trans] Suuntanäppäimet
*[idx] 151 [engl] Analog stick [trans] Analogisauva
*[idx] 152 [engl] Reset [trans] Palauta
*[idx] 153 [engl] Triangle [trans] Kolmio
*[idx] 154 [engl] Trick [trans] Temppu
*[idx] 155 [engl] Square + steer [trans] Neliö + ohjaus
*[idx] 156 [engl] Back [trans] Takaisin
*[idx] 157 [engl] Circle / menus [trans] Ympyrä / valikot
*[idx] 158 [engl] Jump [trans] Hyppy
*[idx] 159 [engl] Cross / select [trans] Risti / valitse
*[idx] 160 [engl] Start: pause / resume [trans] Start: tauko / jatka
*[idx] 161 [engl] Jump: hold, then release Cross [trans] Hyppy: pidä Risti pohjassa ja vapauta
*[idx] 162 [engl] START - OPEN MENU [trans] START - AVAA VALIKKO
*[idx] 163 [engl] START - BACK TO MENU [trans] START - TAKAISIN VALIKKOON
*[idx] 164 [engl] PAUSED [trans] TAUKO
*[idx] 165 [engl] Resume [trans] Jatka
*[idx] 166 [engl] Controls [trans] Ohjaimet
*[idx] 167 [engl] End race [trans] Lopeta kisa
*[idx] 168 [engl] Select [trans] Valitse
*[idx] 169 [engl] Autosave paused: check Saved data [trans] Automaattitallennus tauolla: katso Tallennetut tiedot
*[idx] 170 [engl] Confirm [trans] Vahvista
*[idx] 171 [engl] END THIS RACE? [trans] LOPETETAANKO KISA?
*[idx] 172 [engl] This run will not count as a finish. [trans] Tätä laskua ei lasketa maaliintuloksi.
*[idx] 173 [engl] QUIT GAME? [trans] LOPETETAANKO PELI?
*[idx] 174 [engl] Your saved progress is kept. [trans] Edistymisesi säilyy.
