# French translation maintained by SSTSylvain
# In case of any problems or suggestions, please feel free to contact me at sstsylvain@videotron.ca
# Please, don't change the idx

*[idx] 0 [engl] Press any key to start [trans] Appuyer sur une touche pour démarrer
*[idx] 1 [engl] Enter an event [trans] Compétition
*[idx] 2 [engl] Practice [trans] Entraînement
*[idx] 3 [engl] Configuration [trans] Configuration
*[idx] 4 [engl] Credits [trans] Crédits
*[idx] 5 [engl] Quit [trans] Quitter
*[idx] 6 [engl] Select an event [trans] Choisissez une compétition
*[idx] 7 [engl] Select a cup [trans] Choisissez une coupe
*[idx] 8 [engl] Back [trans] Retour
*[idx] 9 [engl] Continue [trans] Continuer
*[idx] 10 [engl] You cannot enter this cup yet [trans] Vous ne pouvez pas encore participer à cette coupe

*[idx] 11 [engl] Herring: [trans] Harengs :
*[idx] 12 [engl] Time: [trans] Temps :
*[idx] 13 [engl] Race! [trans] C'est parti !
*[idx] 14 [engl] seconds [trans] secondes
*[idx] 15 [engl] Ok [trans] Valider
*[idx] 16 [engl] Congratulations! You won the cup! [trans] Félicitation ! Vous avez remporté cette coupe !
*[idx] 17 [engl] You have reached level [trans] Vous avez atteint le niveau
*[idx] 18 [engl] Sorry, you didn't advance [trans] Désolé, vous n'avez pas avancé
*[idx] 19 [engl] You don't have any lives left [trans] Il ne vous reste plus aucune vie
*[idx] 20 [engl] Select a race [trans] Choisissez une course

*[idx] 21 [engl] Failed, -1 Tuxlive [trans] Raté, -1 Tuxvie
*[idx] 22 [engl] Success, +/- 0 Tuxlive [trans] Réussi, +/- 0 Tuxvie
*[idx] 23 [engl] Success, +1 Tuxlive [trans] Réussi, +1 Tuxvie
*[idx] 24 [engl] Success, +2 Tuxlive [trans] Réussi, +2 Tuxvie
*[idx] 25 [engl] Race aborted [trans] Course annulée
*[idx] 26 [engl] Score: [trans] Score :
*[idx] 27 [engl] points [trans] points

*[idx] 28 [engl] Cancel [trans] Annuler
*[idx] 29 [engl] Loading [trans] Chargement
*[idx] 30 [engl] Please wait... [trans] Veuillez patienter...

*[idx] 31 [engl] Fullscreen: [trans] Plein écran :
*[idx] 32 [engl] Resolution: [trans] Résolution :
*[idx] 33 [engl] Music volume: [trans] Volume musique :
*[idx] 34 [engl] Sound volume: [trans] Volume son :
*[idx] 35 [engl] Language: [trans] Langue :
*[idx] 36 [engl] Level of detail: [trans] Niveau de détail :
*[idx] 37 [engl] Contributed by: [trans] Auteur :
*[idx] 38 [engl] Event: [trans] Compétition :
*[idx] 39 [engl] Cup: [trans] Coupe
*[idx] 40 [engl] Race Over [trans] Course terminée

*[idx] 41 [engl] For more configuration options, please edit the [trans] Pour plus d'options de configuration, veuillez modifier le
*[idx] 42 [engl] file 'options.txt' and read the documentation. [trans] fichier « options.txt » et lire la documentation.
*[idx] 43 [engl] Help [trans] Aide
*[idx] 44 [engl] 1, 2, 3 - change view mode [trans] 1, 2, 3 - changement de perspective
*[idx] 45 [engl] F - hide/show fps display [trans] F - cache/affiche affichage I.P.S.
*[idx] 46 [engl] H - hide/show hud display [trans] H - cache/affiche affichage I.H.M.
*[idx] 47 [engl] C - screenshot [trans] C - capture d'écran
*[idx] 48 [engl] U - toggle ui snow [trans] U - bascule neige iu
*[idx] 49 [engl] P - set pause mode [trans] P - active mode pause
*[idx] 50 [engl] T - trick [trans] T - figure acrobatique
*[idx] 51 [engl] ESC - abort Race [trans] ÉCHAP - annule course
*[idx] 52 [engl] SPACE - jump [trans] ESPACE - sauter
*[idx] 53 [engl] CRSR Left - turn left [trans] CURSEUR Gauche - tourne à gauche
*[idx] 54 [engl] CRSR Right - turn right [trans] CURSEUR Droite - tourne à droite
*[idx] 55 [engl] CRSR Up - accelerate [trans] CURSEUR Haut - accélère
*[idx] 56 [engl] CRSR down - brake [trans] CURSEUR Bas - freiner
*[idx] 57 [engl] Keyboard Functions [trans] Fonctions clavier

*[idx] 58 [engl] Select your player name: [trans] Sélectionnez un nom d'utilisateur :
*[idx] 59 [engl] Select a character: [trans] Sélectionnez un personnage :
*[idx] 60 [engl] Enter [trans] Entrée
*[idx] 61 [engl] Register a new player [trans] Enregistrer un nouveau joueur

*[idx] 62 [engl] Highscore list [trans] Liste des meilleur scores
*[idx] 63 [engl] No entries for this race [trans] Pas d'entrée pour cette course
*[idx] 64 [engl] Back [trans] Retour

*[idx] 65 [engl] Press any key to return to the main menu [trans] Appuyez sur une touche pour retourner au menu principal

*[idx] 66 [engl] Enter a name for the new player and select an avatar: [trans] Entrez un nom d'utilisateur et sélectionnez un avatar :

*[idx] 67 [engl] Loading resources, [trans] Chargement des ressources,
*[idx] 68 [engl] please wait ... [trans] veuillez patienter ...

*[idx] 69 [engl] Mirror track: Off [trans] Piste miroir : désactiver
*[idx] 70 [engl] Mirror track: On [trans] Piste miroir : activer

*[idx] 71 [engl] Light: Sunny [trans] Lumière : ensoleillé
*[idx] 72 [engl] Light: Cloudy [trans] Lumière : nuageux
*[idx] 73 [engl] Light: Evening [trans] Lumière : soirée
*[idx] 74 [engl] Light: Night [trans] Lumière : nuit

*[idx] 75 [engl] Snow: No [trans] Neige : aucune
*[idx] 76 [engl] Snow: A little [trans] Neige : un brin
*[idx] 77 [engl] Snow: Some [trans] Neige : un peu
*[idx] 78 [engl] Snow: A lot [trans] Neige : beaucoup

*[idx] 79 [engl] Wind: No [trans] Vent : aucun
*[idx] 80 [engl] Wind: Breeze [trans] Vent : brise
*[idx] 81 [engl] Wind: Strong [trans] Vent : fort
*[idx] 82 [engl] Wind: Blustery [trans] Vent : tempête

*[idx] 83 [engl] Randomize settings [trans] Paramètres au hasard

*[idx] 84 [engl] Score [trans] Score
*[idx] 85 [engl] Herring [trans] Harengs
*[idx] 86 [engl] Time [trans] Temps
*[idx] 87 [engl] Path length [trans] Longueur chemin
*[idx] 88 [engl] Average speed [trans] Vitesse moyenne
*[idx] 89 [engl] Position [trans] Position
*[idx] 90 [engl] in highscore list [trans] dans la liste des meilleur pointages

*[idx] 91 [engl] Author [trans] Auteur(s)

*[idx] 92 [engl] Loading courses failed. [trans] Chargement courses échoué.
*[idx] 93 [engl] Loading characters failed. [trans] Chargement personnages échoué.
*[idx] 94 [engl] Loading environments failed. [trans] Chargement environnement échoué.
*[idx] 95 [engl] Loading terrains failed. [trans] Chargement terrains échoué.
*[idx] 96 [engl] Loading avatars failed. [trans] Chargement avatars échoué.
*[idx] 97 [engl] herrings [trans] harengs
*[idx] 98 [engl] sec [trans] sec

*[idx] 99 [engl] 1st [trans] 1e
*[idx] 100 [engl] 2nd [trans] 2e
*[idx] 101 [engl] 3rd [trans] 3e
*[idx] 102 [engl] 4th [trans] 4e
*[idx] 103 [engl] 5th [trans] 5e
*[idx] 104 [engl] 6th [trans] 6e
*[idx] 105 [engl] 7th [trans] 7e
*[idx] 106 [engl] 8th [trans] 8e
*[idx] 107 [engl] 9th [trans] 9e
*[idx] 108 [engl] 10th [trans] 10e

*[idx] 109 [engl] Unknown [trans] Inconnu

# PSP menus
*[idx] 111 [engl] Course [trans] Piste
*[idx] 112 [engl] Course set [trans] Série de pistes
*[idx] 113 [engl] Player [trans] Joueur
*[idx] 114 [engl] Character [trans] Personnage
*[idx] 115 [engl] Event [trans] Événement
*[idx] 116 [engl] Cup [trans] Coupe
*[idx] 117 [engl] Name [trans] Nom
*[idx] 118 [engl] Avatar [trans] Avatar
*[idx] 119 [engl] Add this player [trans] Ajouter ce joueur
*[idx] 120 [engl] Language [trans] Langue
*[idx] 121 [engl] Saved data [trans] Sauvegarde
*[idx] 122 [engl] Save progress [trans] Sauvegarder la progression
*[idx] 123 [engl] Load progress [trans] Charger la progression
*[idx] 124 [engl] Race [trans] Course
*[idx] 125 [engl] Continue [trans] Continuer
*[idx] 126 [engl] Quit [trans] Quitter
*[idx] 127 [engl] Choose / change [trans] Choisir / modifier
*[idx] 128 [engl] Save [trans] Sauvegarder
*[idx] 129 [engl] Cancel [trans] Annuler
*[idx] 130 [engl] New player [trans] Nouveau joueur
*[idx] 131 [engl] Edit name [trans] Modifier le nom
*[idx] 132 [engl] Add [trans] Ajouter
*[idx] 133 [engl] Next [trans] Suivant
*[idx] 134 [engl] Randomize [trans] Aléatoire
*[idx] 135 [engl] Load [trans] Charger
*[idx] 136 [engl] Choose [trans] Choisir
*[idx] 137 [engl] Up / down [trans] Haut / bas
*[idx] 138 [engl] Players, unlocked cups, scores and settings [trans] Joueurs, coupes débloquées, scores et réglages
*[idx] 139 [engl] Play against penguins [trans] Affronter des manchots
*[idx] 140 [engl] Penguins [trans] Manchots
*[idx] 141 [engl] PSP exclusive [trans] exclusivité PSP
*[idx] 142 [engl] Place [trans] Place
*[idx] 143 [engl] Against penguins [trans] Contre manchots
*[idx] 144 [engl] On [trans] Oui
*[idx] 145 [engl] Off [trans] Non
*[idx] 146 [engl] YOUR PSP. YOUR SLOPES. [trans] TA PSP. TES PISTES.
*[idx] 147 [engl] Brake [trans] Freiner
*[idx] 148 [engl] Paddle [trans] Pagayer
*[idx] 149 [engl] Steer [trans] Diriger
*[idx] 150 [engl] D-pad [trans] Croix directionnelle
*[idx] 151 [engl] Analog stick [trans] Stick analogique
*[idx] 152 [engl] Reset [trans] Replacer
*[idx] 153 [engl] Triangle [trans] Triangle
*[idx] 154 [engl] Trick [trans] Figure
*[idx] 155 [engl] Square + steer [trans] Carré + direction
*[idx] 156 [engl] Back [trans] Retour
*[idx] 157 [engl] Circle / menus [trans] Rond / menus
*[idx] 158 [engl] Jump [trans] Saut
*[idx] 159 [engl] Cross / select [trans] Croix / choisir
*[idx] 160 [engl] Start: pause / resume [trans] Start : pause / reprendre
*[idx] 161 [engl] Jump: hold, then release Cross [trans] Saut : maintenir Croix, puis relâcher
*[idx] 162 [engl] START - OPEN MENU [trans] START - OUVRIR LE MENU
*[idx] 163 [engl] START - BACK TO MENU [trans] START - RETOUR AU MENU
*[idx] 164 [engl] PAUSED [trans] PAUSE
*[idx] 165 [engl] Resume [trans] Reprendre
*[idx] 166 [engl] Controls [trans] Commandes
*[idx] 167 [engl] End race [trans] Quitter la course
*[idx] 168 [engl] Select [trans] Choisir
*[idx] 169 [engl] Autosave paused: check Saved data [trans] Sauvegarde auto en pause : voir Données sauvegardées
*[idx] 170 [engl] Confirm [trans] Confirmer
*[idx] 171 [engl] END THIS RACE? [trans] QUITTER LA COURSE ?
*[idx] 172 [engl] This run will not count as a finish. [trans] Cette descente ne comptera pas.
*[idx] 173 [engl] QUIT GAME? [trans] QUITTER LE JEU ?
*[idx] 174 [engl] Your saved progress is kept. [trans] Ta progression est conservée.
