# Polish translation maintained by woody
# In case of any problems or suggestions, please feel free to contact me at czajernia@gmail.com

# Please, don't change the idx

*[idx] 0 [engl] PRESS ANY KEY TO START [trans] NACIŚNIJ DOWOLNY KLAWISZ
*[idx] 1 [engl] Enter an event [trans] Rozpocznij grę
*[idx] 2 [engl] Practice [trans] Ćwiczenia
*[idx] 3 [engl] Configuration [trans] Ustawienia
*[idx] 4 [engl] Credits [trans] O autorach
*[idx] 5 [engl] Quit [trans] Wyjście
*[idx] 6 [engl] Select an event [trans] Wybierz rozgrywki
*[idx] 7 [engl] Select a cup [trans] Wybierz puchar
*[idx] 8 [engl] Back [trans] Wstecz
*[idx] 9 [engl] Continue [trans] Kontynuuj
*[idx] 10 [engl] You cannot enter this cup yet
	[trans] Jeszcze nie możesz wystartować w tym pucharze

*[idx] 11 [engl] Herring: [trans] Śledzie:
*[idx] 12 [engl] Time: [trans] Czas:
*[idx] 13 [engl] Race! [trans] Start!
*[idx] 14 [engl] seconds [trans]
*[idx] 15 [engl] Ok [trans] OK
*[idx] 16 [engl] Congratulations! You won the cup!
	[trans] Wygrałeś ten puchar!
*[idx] 17 [engl] You have reached level [trans] Osiągnąłeś poziom
*[idx] 18 [engl] Sorry, you didn't advance [trans] Niestety, nie przeszedłeś dalej
*[idx] 19 [engl] You don't have any lives left [trans] Nie masz już możliwych szansz.
*[idx] 20 [engl] Select a race [trans] Wybierz trasę

*[idx] 21 [engl] Failed, -1 Tuxlive [trans] Porażka, -1 życie
*[idx] 22 [engl] Success, +/- 0 Tuxlive [trans] Sukces, +/- 0 żyć
*[idx] 23 [engl] Success, +1 Tuxlive [trans] Sukces, +1 żyć
*[idx] 24 [engl] Success, +2 Tuxlive [trans] Sukces, +2 życia
*[idx] 25 [engl] Race aborted [trans] Wyścig przerwany
*[idx] 26 [engl] Score: [trans] Wynik:
*[idx] 27 [engl] points [trans] pkt

*[idx] 28 [engl] Cancel [trans] Anuluj
*[idx] 29 [engl] Loading [trans] Ładowanie
*[idx] 30 [engl] Please wait... [trans] Proszę Czekać...

*[idx] 31 [engl] Fullscreen: [trans] Pełny ekran:
*[idx] 32 [engl] Resolution: [trans] Rozdzielczość:
*[idx] 33 [engl] Music volume: [trans] Głośność muzyki:
*[idx] 34 [engl] Sound volume: [trans] Głośność dźwięków:
*[idx] 35 [engl] Language: [trans] Język:
*[idx] 36 [engl] Level of detail: [trans] Poziom szczegółów:
*[idx] 37 [engl] Contributed by: [trans] Stworzona przez:
*[idx] 38 [engl] Event: [trans] Rozgrywki:
*[idx] 39 [engl] Cup: [trans] Puchar:
*[idx] 40 [engl] Race Over [trans] Koniec wyścigu

*[idx] 41 [engl] For more configuration options, please edit the
	[trans] Zaawansowane opcje konfiguracji znajdują się w
*[idx] 42 [engl] file 'options.txt' and read the documentation.
	[trans] pliku 'options.txt' - szczegóły w dokumentacji

*[idx] 43 [engl] Help [trans] Pomoc
*[idx] 44 [engl] 1, 2, 3 - change view mode [trans] 1, 2, 3 - zmiana trybu kamery
*[idx] 45 [engl] F - hide/show fps display [trans] F - pokaż/ukryj FPS
*[idx] 46 [engl] H - hide/show hud display [trans] H - pokaż/ukry HUD
*[idx] 47 [engl] C - screenshot [trans] C - zrzut ekranu
*[idx] 48 [engl] U - toggle ui snow [trans] U - włącz/wyłącz śnieg
*[idx] 49 [engl] P - set pause mode [trans] P - pauza
*[idx] 50 [engl] T - trick [trans] T - triki
*[idx] 51 [engl] ESC - abort Race [trans] ESC - przerwij wyścig
*[idx] 52 [engl] SPACE - jump [trans] SPACJA - skok
*[idx] 53 [engl] CRSR Left - turn left [trans] STRZAŁKA w lewo - skręt w lewo
*[idx] 54 [engl] CRSR Right - turn right [trans] STRZAŁKA w prawo - skręt w prawo
*[idx] 55 [engl] CRSR Up - accelerate [trans] STRZAŁKA w górę - przyśpieszanie
*[idx] 56 [engl] CRSR down - brake [trans] STRZAŁKA w dół - hamowanie
*[idx] 57 [engl] Keyboard Functions [trans] Klawisze Funkcyjne

# PSP menus
*[idx] 111 [engl] Course [trans] Trasa
*[idx] 112 [engl] Course set [trans] Zestaw tras
*[idx] 113 [engl] Player [trans] Gracz
*[idx] 114 [engl] Character [trans] Postać
*[idx] 115 [engl] Event [trans] Zawody
*[idx] 116 [engl] Cup [trans] Puchar
*[idx] 117 [engl] Name [trans] Imię
*[idx] 118 [engl] Avatar [trans] Awatar
*[idx] 119 [engl] Add this player [trans] Dodaj tego gracza
*[idx] 120 [engl] Language [trans] Język
*[idx] 121 [engl] Saved data [trans] Zapisane dane
*[idx] 122 [engl] Save progress [trans] Zapisz postęp
*[idx] 123 [engl] Load progress [trans] Wczytaj postęp
*[idx] 124 [engl] Race [trans] Wyścig
*[idx] 125 [engl] Continue [trans] Dalej
*[idx] 126 [engl] Quit [trans] Wyjdź
*[idx] 127 [engl] Choose / change [trans] Wybierz / zmień
*[idx] 128 [engl] Save [trans] Zapisz
*[idx] 129 [engl] Cancel [trans] Anuluj
*[idx] 130 [engl] New player [trans] Nowy gracz
*[idx] 131 [engl] Edit name [trans] Zmień imię
*[idx] 132 [engl] Add [trans] Dodaj
*[idx] 133 [engl] Next [trans] Dalej
*[idx] 134 [engl] Randomize [trans] Losowo
*[idx] 135 [engl] Load [trans] Wczytaj
*[idx] 136 [engl] Choose [trans] Wybierz
*[idx] 137 [engl] Up / down [trans] Góra / dół
*[idx] 138 [engl] Players, unlocked cups, scores and settings [trans] Gracze, odblokowane puchary, wyniki i ustawienia
*[idx] 139 [engl] Play against penguins [trans] Ścigaj się z pingwinami
*[idx] 140 [engl] Penguins [trans] Pingwiny
*[idx] 141 [engl] PSP exclusive [trans] tylko na PSP
*[idx] 142 [engl] Place [trans] Miejsce
*[idx] 143 [engl] Against penguins [trans] Kontra pingwiny
*[idx] 144 [engl] On [trans] Tak
*[idx] 145 [engl] Off [trans] Nie
*[idx] 146 [engl] YOUR PSP. YOUR SLOPES. [trans] TWOJE PSP. TWOJE STOKI.
*[idx] 147 [engl] Brake [trans] Hamuj
*[idx] 148 [engl] Paddle [trans] Wiosłuj
*[idx] 149 [engl] Steer [trans] Skręt
*[idx] 150 [engl] D-pad [trans] Krzyżak
*[idx] 151 [engl] Analog stick [trans] Drążek analogowy
*[idx] 152 [engl] Reset [trans] Powrót na trasę
*[idx] 153 [engl] Triangle [trans] Trójkąt
*[idx] 154 [engl] Trick [trans] Sztuczka
*[idx] 155 [engl] Square + steer [trans] Kwadrat + skręt
*[idx] 156 [engl] Back [trans] Wstecz
*[idx] 157 [engl] Circle / menus [trans] Kółko / menu
*[idx] 158 [engl] Jump [trans] Skok
*[idx] 159 [engl] Cross / select [trans] Krzyżyk / wybierz
*[idx] 160 [engl] Start: pause / resume [trans] Start: pauza / dalej
*[idx] 161 [engl] Jump: hold, then release Cross [trans] Skok: przytrzymaj Krzyżyk i puść
*[idx] 162 [engl] START - OPEN MENU [trans] START - OTWÓRZ MENU
*[idx] 163 [engl] START - BACK TO MENU [trans] START - WRÓĆ DO MENU
*[idx] 164 [engl] PAUSED [trans] PAUZA
*[idx] 165 [engl] Resume [trans] Dalej
*[idx] 166 [engl] Controls [trans] Sterowanie
*[idx] 167 [engl] End race [trans] Zakończ wyścig
*[idx] 168 [engl] Select [trans] Wybierz
*[idx] 169 [engl] Autosave paused: check Saved data [trans] Autozapis wstrzymany: sprawdź Zapisane dane
*[idx] 170 [engl] Confirm [trans] Potwierdź
*[idx] 171 [engl] END THIS RACE? [trans] ZAKOŃCZYĆ WYŚCIG?
*[idx] 172 [engl] This run will not count as a finish. [trans] Ten zjazd nie zostanie zaliczony.
*[idx] 173 [engl] QUIT GAME? [trans] WYJŚĆ Z GRY?
*[idx] 174 [engl] Your saved progress is kept. [trans] Twoje postępy zostaną zachowane.
*[idx] 175 [engl] None [trans] Brak
