# Please, don't change the idx
# Translation by Andrei Ionel

*[idx] 0 [engl] PRESS ANY KEY TO START [trans] APASA ORICE TASTA PENTRU A INCEPE!
*[idx] 1 [engl] Enter an event [trans] Participa la evenimente
*[idx] 2 [engl] Practice [trans] Antrenament
*[idx] 3 [engl] Configuration [trans] Setari
*[idx] 4 [engl] Credits [trans] Atribuiri
*[idx] 5 [engl] Quit [trans] Iesire
*[idx] 6 [engl] Select an event [trans] Selecteaza un eveniment
*[idx] 7 [engl] Select a cup [trans] Selecteaza o cupa
*[idx] 8 [engl] Back [trans] Inapoi
*[idx] 9 [engl] Continue [trans] Continua
*[idx] 10 [engl] You cannot enter this cup yet
	[trans] Nu poti selecta aceasta cupa deocamdata

*[idx] 11 [engl] Herring: [trans] Hering:
*[idx] 12 [engl] Time: [trans] Timp:
*[idx] 13 [engl] Race! [trans] Start
*[idx] 14 [engl] seconds [trans] secunde
*[idx] 15 [engl] Ok [trans] OK
*[idx] 16 [engl] Congratulations! You won the cup! [trans] Felicitari! Ai castigat cupa!
*[idx] 17 [engl] You have reached level [trans] Ai ajuns la nivelul
*[idx] 18 [engl] Sorry, you didn't advance [trans] Din pacate nu ai avansat.
*[idx] 19 [engl] You don't have any lives left [trans] Nu mai ai vieti ramase.
*[idx] 20 [engl] Select a race [trans] Selecteaza o cursa

*[idx] 21 [engl] Failed, -1 Tuxlive [trans] Esec, -1 viata.
*[idx] 22 [engl] Success, +/- 0 Tuxlive [trans] Succes, +/- 0 viata.
*[idx] 23 [engl] Success, +1 Tuxlive [trans] Succes, + 1 viata.
*[idx] 24 [engl] Success, +2 Tuxlive [trans] Succes, + 2 vieti.
*[idx] 25 [engl] Race aborted [trans] Cursa anulata
*[idx] 26 [engl] Score: [trans] Scor:
*[idx] 27 [engl] points [trans] punctaj

*[idx] 28 [engl] Cancel [trans] Anulare
*[idx] 29 [engl] Loading [trans] Incarcare...
*[idx] 30 [engl] Please wait... [trans] Te rog asteapta...

*[idx] 31 [engl] Fullscreen: [trans] Pe tot ecranul:
*[idx] 32 [engl] Resolution: [trans] Rezolutie:
*[idx] 33 [engl] Music volume: [trans] Volum muzica:
*[idx] 34 [engl] Sound volume: [trans] Volum sunet:
*[idx] 35 [engl] Language: [trans] Limba:
*[idx] 36 [engl] Level of detail: [trans] Nivelul detaliilor:
*[idx] 37 [engl] Contributed by: [trans] Contribuit de:
*[idx] 38 [engl] Event: [trans] Eveniment:
*[idx] 39 [engl] Cup: [trans] Cupa:
*[idx] 40 [engl] Race Over [trans] Sfarsitul cursei

*[idx] 41 [engl] For more configuration options, please edit the
	[trans] Pentru mai multe optiuni, editati manual
*[idx] 42 [engl] file 'options.txt' and read the documentation.
	[trans] fisierul 'options.txt' si cititi documentatia.
*[idx] 43 [engl] Help [trans] Ajutor
*[idx] 44 [engl] 1, 2, 3 - change view mode [trans] 1, 2, 3 - schimba unghiul camerei
*[idx] 45 [engl] F - hide/show fps display [trans] F - Ascunde/Arata Cadrele pe secunda (FPS)
*[idx] 46 [engl] H - hide/show hud display [trans] H - Ascunde/Arata HUD-ul
*[idx] 47 [engl] C - screenshot [trans] C - Captura de ecran
*[idx] 48 [engl] U - toggle ui snow [trans] U - Ascunde/Arata fulgii de nea in meniu
*[idx] 49 [engl] P - set pause mode [trans] P - pauza
*[idx] 50 [engl] T - trick [trans] T - truc
*[idx] 51 [engl] ESC - abort Race [trans] ESC - iesire cursa
*[idx] 52 [engl] SPACE - jump [trans] SPATIU - saritura
*[idx] 53 [engl] CRSR Left - turn left [trans] Tasta stanga - vireaza la stanga
*[idx] 54 [engl] CRSR Right - turn right [trans] Tasta dreapta - vireaza la dreapta
*[idx] 55 [engl] CRSR Up - accelerate [trans] Tasta sus - accelereaza
*[idx] 56 [engl] CRSR down - brake [trans] Tasta jos - franeaza
*[idx] 57 [engl] Keyboard functions [trans] Functii taste
*[idx] 65 [engl] Press any key to return to the main menu [trans] Apasa orice tasta pentru a te intoarce la meniul principal.
*[idx] 58 [engl] Select your player name: [trans] Selecteaza numele jucatorului:
*[idx] 59 [engl] Select a character: [trans] Selecteaza un personaj:
*[idx] 60 [engl] Enter [trans] Inainte
*[idx] 61 [engl] Register a new player [trans] Inregistrare jucator
*[idx] 62 [engl] Highscore list [trans] Cele mai mari scoruri
*[idx] 63 [engl] No entries for this race [trans] Niciun scor pentru aceasta cursa
*[idx] 64 [engl] Back [trans] Inapoi

*[idx] 66 [engl] Enter a name for the new player and select an avatar: [trans] Introdu un nume pentru noul jucator si selecteaza un avatar:

*[idx] 67 [engl] Loading resources, [trans] Incarcare resurse,
*[idx] 68 [engl] please wait [trans] te rog asteapta...

*[idx] 69 [engl] Mirror track: Off [trans] Normal
*[idx] 70 [engl] Mirror track: On [trans] In oglinda

*[idx] 71 [engl] Light: Sunny [trans] Insorit
*[idx] 72 [engl] Light: Cloudy [trans] Innorat
*[idx] 73 [engl] Light: Evening [trans] Seara
*[idx] 74 [engl] Light: Night [trans] Noapte

*[idx] 75 [engl] Snow: No [trans] Ninsoare: Nu
*[idx] 76 [engl] Snow: A little [trans] Ninsoare: Putina
*[idx] 77 [engl] Snow: Some [trans] Ninsoare: Destula
*[idx] 78 [engl] Snow: A lot [trans] Ninsoare: Multa

*[idx] 79 [engl] Wind: No [trans] Fara vant
*[idx] 80 [engl] Wind: Breeze [trans] Briza
*[idx] 81 [engl] Wind: Strong [trans] Vant puternic
*[idx] 82 [engl] Wind: Blustery [trans] Furtuna

*[idx] 83 [engl] Randomize settings [trans] Setari aleatorii

*[idx] 84 [engl] Score [trans] Scor
*[idx] 85 [engl] Herring [trans] Hering
*[idx] 86 [engl] Time [trans] Timp
*[idx] 87 [engl] Path length [trans] Lungime traseu
*[idx] 88 [engl] Average speed [trans] Viteza medie
*[idx] 89 [engl] Position [trans] Locul
*[idx] 90 [engl] in highscore list [trans] in lista celor mai mari scoruri.

*[idx] 91 [engl] Author [trans] Autor

*[idx] 92 [engl] Loading courses failed. [trans] Atentie! Incarcarea curselor a esuat.
*[idx] 93 [engl] Loading characters failed. [trans] Atentie! Incarcarea personajelor a esuat.
*[idx] 94 [engl] Loading environments failed. [trans] Atentie! Incarcarea mediilor a esuat.
*[idx] 95 [engl] Loading terrains failed. [trans] Atentie! Incarcarea terenului a esuat.
*[idx] 96 [engl] Loading avatars failed. [trans] Atentie! Incarcarea avatarurilor a esuat.
*[idx] 97 [engl] herrings [trans] heringi
*[idx] 98 [engl] sec [trans] sec

# PSP menus
*[idx] 111 [engl] Course [trans] Traseu
*[idx] 112 [engl] Course set [trans] Set de trasee
*[idx] 113 [engl] Player [trans] Jucător
*[idx] 114 [engl] Character [trans] Personaj
*[idx] 115 [engl] Event [trans] Eveniment
*[idx] 116 [engl] Cup [trans] Cupă
*[idx] 117 [engl] Name [trans] Nume
*[idx] 118 [engl] Avatar [trans] Avatar
*[idx] 119 [engl] Add this player [trans] Adaugă acest jucător
*[idx] 120 [engl] Language [trans] Limbă
*[idx] 121 [engl] Saved data [trans] Date salvate
*[idx] 122 [engl] Save progress [trans] Salvează progresul
*[idx] 123 [engl] Load progress [trans] Încarcă progresul
*[idx] 124 [engl] Race [trans] Cursă
*[idx] 125 [engl] Continue [trans] Continuă
*[idx] 126 [engl] Quit [trans] Ieșire
*[idx] 127 [engl] Choose / change [trans] Alege / schimbă
*[idx] 128 [engl] Save [trans] Salvează
*[idx] 129 [engl] Cancel [trans] Anulează
*[idx] 130 [engl] New player [trans] Jucător nou
*[idx] 131 [engl] Edit name [trans] Editează numele
*[idx] 132 [engl] Add [trans] Adaugă
*[idx] 133 [engl] Next [trans] Următorul
*[idx] 134 [engl] Randomize [trans] Aleatoriu
*[idx] 135 [engl] Load [trans] Încarcă
*[idx] 136 [engl] Choose [trans] Alege
*[idx] 137 [engl] Up / down [trans] Sus / jos
*[idx] 138 [engl] Players, unlocked cups, scores and settings [trans] Jucători, cupe deblocate, scoruri și setări
*[idx] 139 [engl] Play against penguins [trans] Concurează cu pinguini
*[idx] 140 [engl] Penguins [trans] Pinguini
*[idx] 141 [engl] PSP exclusive [trans] exclusiv pe PSP
*[idx] 142 [engl] Place [trans] Locul
*[idx] 143 [engl] Against penguins [trans] Contra pinguini
*[idx] 144 [engl] On [trans] Da
*[idx] 145 [engl] Off [trans] Nu
*[idx] 146 [engl] YOUR PSP. YOUR SLOPES. [trans] PSP-UL TĂU. PÂRTIILE TALE.
*[idx] 147 [engl] Brake [trans] Frână
*[idx] 148 [engl] Paddle [trans] Vâslește
*[idx] 149 [engl] Steer [trans] Direcție
*[idx] 150 [engl] D-pad [trans] Butoane direcționale
*[idx] 151 [engl] Analog stick [trans] Manetă analogică
*[idx] 152 [engl] Reset [trans] Repune pe traseu
*[idx] 153 [engl] Triangle [trans] Triunghi
*[idx] 154 [engl] Trick [trans] Figură
*[idx] 155 [engl] Square + steer [trans] Pătrat + direcție
*[idx] 156 [engl] Back [trans] Înapoi
*[idx] 157 [engl] Circle / menus [trans] Cerc / meniuri
*[idx] 158 [engl] Jump [trans] Salt
*[idx] 159 [engl] Cross / select [trans] Cruce / alege
*[idx] 160 [engl] Start: pause / resume [trans] Start: pauză / continuă
*[idx] 161 [engl] Jump: hold, then release Cross [trans] Salt: ține apăsat Cruce, apoi eliberează
*[idx] 162 [engl] START - OPEN MENU [trans] START - DESCHIDE MENIUL
*[idx] 163 [engl] START - BACK TO MENU [trans] START - ÎNAPOI LA MENIU
*[idx] 164 [engl] PAUSED [trans] PAUZĂ
*[idx] 165 [engl] Resume [trans] Continuă
*[idx] 166 [engl] Controls [trans] Comenzi
*[idx] 167 [engl] End race [trans] Încheie cursa
*[idx] 168 [engl] Select [trans] Alege
*[idx] 169 [engl] Autosave paused: check Saved data [trans] Salvare automată oprită: vezi Date salvate
*[idx] 170 [engl] Confirm [trans] Confirmă
*[idx] 171 [engl] END THIS RACE? [trans] ÎNCHEI CURSA?
*[idx] 172 [engl] This run will not count as a finish. [trans] Această coborâre nu va conta ca sosire.
*[idx] 173 [engl] QUIT GAME? [trans] IEȘI DIN JOC?
*[idx] 174 [engl] Your saved progress is kept. [trans] Progresul tău rămâne salvat.
