# Please, don't change the idx

*[idx] 0 [engl] Press any key to start [trans] Tryck på valfri knapp för att starta
*[idx] 1 [engl] Enter an event [trans] Välj en tävling
*[idx] 2 [engl] Practice [trans] Träning
*[idx] 3 [engl] Configuration [trans] Konfiguration
*[idx] 4 [engl] Credits [trans] Tack till
*[idx] 5 [engl] Quit [trans] Avsluta
*[idx] 6 [engl] Select an event [trans] Välj en tävling
*[idx] 7 [engl] Select a cup [trans] Välj ett mästerskap
*[idx] 8 [engl] Back [trans] Tillbaka
*[idx] 9 [engl] Continue [trans] Fortsätt
*[idx] 10 [engl] You cannot enter this cup yet [trans] Du kan inte välja det här mästerskapet ännu

*[idx] 11 [engl] Herring: [trans] Sillar:
*[idx] 12 [engl] Time: [trans] Tid:
*[idx] 13 [engl] Race! [trans] Tävla!
*[idx] 14 [engl] seconds [trans] sekunder
*[idx] 15 [engl] Ok [trans] Ok
*[idx] 16 [engl] Congratulations! You won the cup! [trans] Gratulerar! Du vann mästerskapet!
*[idx] 17 [engl] You have reached level [trans] Du har nått nivå
*[idx] 18 [engl] Sorry, you didn't advance [trans] Tyvärr, du avancerade inte
*[idx] 19 [engl] You don't have any lives left [trans] Du har inga liv kvar
*[idx] 20 [engl] Select a race [trans] Välj en tävling

*[idx] 21 [engl] Failed, -1 Tuxlive [trans] Misslyckades, -1 Tuxliv
*[idx] 22 [engl] Success, +/- 0 Tuxlive [trans] Lyckades, +/- 0 Tuxliv
*[idx] 23 [engl] Success, +1 Tuxlive [trans] Lyckades, +1 Tuxliv
*[idx] 24 [engl] Success, +2 Tuxlive [trans] Lyckades, +2 Tuxliv
*[idx] 25 [engl] Race aborted [trans] Lopp avbröts
*[idx] 26 [engl] Score: [trans] Ställning:
*[idx] 27 [engl] points [trans] poäng

*[idx] 28 [engl] Cancel [trans] Avbryt
*[idx] 29 [engl] Loading [trans] Läser in
*[idx] 30 [engl] Please wait... [trans] Vänligen vänta...

*[idx] 31 [engl] Fullscreen: [trans] Helskärm:
*[idx] 32 [engl] Resolution: [trans] Upplösning:
*[idx] 33 [engl] Music volume: [trans] Musikvolym:
*[idx] 34 [engl] Sound volume: [trans] Ljudvolym:
*[idx] 35 [engl] Language: [trans] Språk:
*[idx] 36 [engl] Level of detail: [trans] Detaljnivå:
*[idx] 37 [engl] Contributed by: [trans] Bidrog med:
*[idx] 38 [engl] Event: [trans] Tävling:
*[idx] 39 [engl] Cup: [trans] Mästerskap:
*[idx] 40 [engl] Race Over [trans] Loppet är över

*[idx] 41 [engl] For more configuration options, please edit the [trans] För fler konfigurationsalternativ, redigera
*[idx] 42 [engl] file 'options.txt' and read the documentation. [trans] filen 'options.txt' och läs dokumentationen.
*[idx] 43 [engl] Help [trans] Hjälp
*[idx] 44 [engl] 1, 2, 3 - change view mode [trans] 1, 2, 3 - ändra visningsläge
*[idx] 45 [engl] F - hide/show fps display [trans] F - visa/dölj fps-skärm
*[idx] 46 [engl] H - hide/show hud display [trans] H - visa/dölj hud-skärm
*[idx] 47 [engl] C - screenshot [trans] C - skärmdump
*[idx] 48 [engl] U - toggle ui snow [trans] U - växla snö för gränssnittet
*[idx] 49 [engl] P - set pause mode [trans] P - pausläge
*[idx] 50 [engl] T - trick [trans] T - trick
*[idx] 51 [engl] ESC - abort Race [trans] ESC - avbryt lopp
*[idx] 52 [engl] SPACE - jump [trans] Mellanslag - hoppa
*[idx] 53 [engl] CRSR Left - turn left [trans] Vänstermarkör - sväng vänster
*[idx] 54 [engl] CRSR Right - turn right [trans] Högermarkör - sväng höger
*[idx] 55 [engl] CRSR Up - accelerate [trans] Uppmarkör - accelerera
*[idx] 56 [engl] CRSR down - brake [trans] Nedmarkör - bromsa
*[idx] 57 [engl] Keyboard Functions [trans] Tangentbordsfunktioner

*[idx] 58 [engl] Select your player name: [trans] Välj ditt spelarnamn:
*[idx] 59 [engl] Select a character: [trans] Välj en personlighet:
*[idx] 60 [engl] Enter [trans] Anmäl
*[idx] 61 [engl] Register a new player [trans] Registrera en ny spelare

*[idx] 62 [engl] Highscore list [trans] Topplista
*[idx] 63 [engl] No entries for this race [trans] Inga poster för denna tävling
*[idx] 64 [engl] Back [trans] Tillbaka

*[idx] 65 [engl] Press any key to return to the main menu [trans] Tryck på valfri tangent för att återgå till huvudmenyn

*[idx] 66 [engl] Enter a name for the new player and select an avatar: [trans] Ange ett namn för den nya spelaren och välj en avatar:

*[idx] 67 [engl] Loading resources, [trans] Läser in resurser,
*[idx] 68 [engl] please wait ... [trans] vänligen vänta...

*[idx] 69 [engl] Mirror track: Off [trans] Spegla spår: av
*[idx] 70 [engl] Mirror track: On [trans] Spegla spår: på

*[idx] 71 [engl] Light: Sunny [trans] Ljus: Soligt
*[idx] 72 [engl] Light: Cloudy [trans] Ljus: Molnigt
*[idx] 73 [engl] Light: Evening [trans] Ljus: Kväll
*[idx] 74 [engl] Light: Night [trans] Ljus: Natt

*[idx] 75 [engl] Snow: No [trans] Snö: Nej
*[idx] 76 [engl] Snow: A little [trans] Snö: Lite
*[idx] 77 [engl] Snow: Some [trans] Snö: En hel del
*[idx] 78 [engl] Snow: A lot [trans] Snö: Mycket

*[idx] 79 [engl] Wind: No [trans] Vind: Nej
*[idx] 80 [engl] Wind: Breeze [trans] Vins: Lätt
*[idx] 81 [engl] Wind: Strong [trans] Vind: Stark
*[idx] 82 [engl] Wind: Blustery [trans] Vind: Stormig

*[idx] 83 [engl] Randomize settings [trans] Slumpmässiga inställningar

*[idx] 84 [engl] Score [trans] Ställning
*[idx] 85 [engl] Herring [trans] Sillar
*[idx] 86 [engl] Time [trans] Tid
*[idx] 87 [engl] Path length [trans] Banlängd
*[idx] 88 [engl] Average speed [trans] Medelhastighet
*[idx] 89 [engl] Position [trans] Placering
*[idx] 90 [engl] in highscore list [trans] i topplistan

*[idx] 91 [engl] Author [trans] Utvecklare

*[idx] 92 [engl] Loading courses failed. [trans] Inläsning av banor misslyckades.
*[idx] 93 [engl] Loading characters failed. [trans] Inläsning av personligheter misslyckades.
*[idx] 94 [engl] Loading environments failed. [trans] Inläsning av miljöer misslyckades.
*[idx] 95 [engl] Loading terrains failed. [trans] Inläsning av terränger misslyckades
*[idx] 96 [engl] Loading avatars failed. [trans] Inläsning av avatarer misslyckades.
*[idx] 97 [engl] herrings [trans] sillar
*[idx] 98 [engl] sec [trans] sek

*[idx] 99 [engl] 1st [trans] 1.
*[idx] 100 [engl] 2nd [trans] 2.
*[idx] 101 [engl] 3rd [trans] 3.
*[idx] 102 [engl] 4th [trans] 4.
*[idx] 103 [engl] 5th [trans] 5.
*[idx] 104 [engl] 6th [trans] 6.
*[idx] 105 [engl] 7th [trans] 7.
*[idx] 106 [engl] 8th [trans] 8.
*[idx] 107 [engl] 9th [trans] 9.
*[idx] 108 [engl] 10th [trans] 10.

*[idx] 109 [engl] Unknown [trans] Okänd

# PSP menus
*[idx] 111 [engl] Course [trans] Bana
*[idx] 112 [engl] Course set [trans] Banuppsättning
*[idx] 113 [engl] Player [trans] Spelare
*[idx] 114 [engl] Character [trans] Figur
*[idx] 115 [engl] Event [trans] Evenemang
*[idx] 116 [engl] Cup [trans] Cup
*[idx] 117 [engl] Name [trans] Namn
*[idx] 118 [engl] Avatar [trans] Avatar
*[idx] 119 [engl] Add this player [trans] Lägg till den här spelaren
*[idx] 120 [engl] Language [trans] Språk
*[idx] 121 [engl] Saved data [trans] Sparad data
*[idx] 122 [engl] Save progress [trans] Spara framsteg
*[idx] 123 [engl] Load progress [trans] Ladda framsteg
*[idx] 124 [engl] Race [trans] Lopp
*[idx] 125 [engl] Continue [trans] Fortsätt
*[idx] 126 [engl] Quit [trans] Avsluta
*[idx] 127 [engl] Choose / change [trans] Välj / ändra
*[idx] 128 [engl] Save [trans] Spara
*[idx] 129 [engl] Cancel [trans] Avbryt
*[idx] 130 [engl] New player [trans] Ny spelare
*[idx] 131 [engl] Edit name [trans] Ändra namn
*[idx] 132 [engl] Add [trans] Lägg till
*[idx] 133 [engl] Next [trans] Nästa
*[idx] 134 [engl] Randomize [trans] Slumpa
*[idx] 135 [engl] Load [trans] Ladda
*[idx] 136 [engl] Choose [trans] Välj
*[idx] 137 [engl] Up / down [trans] Upp / ner
*[idx] 138 [engl] Players, unlocked cups, scores and settings [trans] Spelare, upplåsta cuper, resultat och inställningar
*[idx] 139 [engl] Play against penguins [trans] Tävla mot pingviner
*[idx] 140 [engl] Penguins [trans] Pingviner
*[idx] 141 [engl] PSP exclusive [trans] endast på PSP
*[idx] 142 [engl] Place [trans] Plats
*[idx] 143 [engl] Against penguins [trans] Mot pingviner
*[idx] 144 [engl] On [trans] På
*[idx] 145 [engl] Off [trans] Av
*[idx] 146 [engl] YOUR PSP. YOUR SLOPES. [trans] DIN PSP. DINA BACKAR.
*[idx] 147 [engl] Brake [trans] Bromsa
*[idx] 148 [engl] Paddle [trans] Paddla
*[idx] 149 [engl] Steer [trans] Styr
*[idx] 150 [engl] D-pad [trans] Riktningsknappar
*[idx] 151 [engl] Analog stick [trans] Analog spak
*[idx] 152 [engl] Reset [trans] Återställ
*[idx] 153 [engl] Triangle [trans] Triangel
*[idx] 154 [engl] Trick [trans] Trick
*[idx] 155 [engl] Square + steer [trans] Fyrkant + styr
*[idx] 156 [engl] Back [trans] Tillbaka
*[idx] 157 [engl] Circle / menus [trans] Cirkel / menyer
*[idx] 158 [engl] Jump [trans] Hopp
*[idx] 159 [engl] Cross / select [trans] Kryss / välj
*[idx] 160 [engl] Start: pause / resume [trans] Start: paus / fortsätt
*[idx] 161 [engl] Jump: hold, then release Cross [trans] Hopp: håll in Kryss och släpp
*[idx] 162 [engl] START - OPEN MENU [trans] START - ÖPPNA MENYN
*[idx] 163 [engl] START - BACK TO MENU [trans] START - TILLBAKA TILL MENYN
*[idx] 164 [engl] PAUSED [trans] PAUS
*[idx] 165 [engl] Resume [trans] Fortsätt
*[idx] 166 [engl] Controls [trans] Kontroller
*[idx] 167 [engl] End race [trans] Avsluta loppet
*[idx] 168 [engl] Select [trans] Välj
*[idx] 169 [engl] Autosave paused: check Saved data [trans] Autosparning pausad: se Sparade data
*[idx] 170 [engl] Confirm [trans] Bekräfta
*[idx] 171 [engl] END THIS RACE? [trans] AVSLUTA LOPPET?
*[idx] 172 [engl] This run will not count as a finish. [trans] Det här åket räknas inte som målgång.
*[idx] 173 [engl] QUIT GAME? [trans] AVSLUTA SPELET?
*[idx] 174 [engl] Your saved progress is kept. [trans] Dina framsteg sparas.
